// Jest Snapshot v1, https://goo.gl/fbAQLP

exports[`adds component to docgen collection 1`] = `
"import * as React from \\"react\\";

interface SimpleComponentProps {
  /** Button color. */
  color: \\"blue\\" | \\"green\\";
}

/**
 * A simple component.
 */
export const SimpleComponent: React.SFC<SimpleComponentProps> = props => (
  <button style={{ backgroundColor: props.color }}>{props.children}</button>
)
try {
    // @ts-ignore
    SimpleComponent.displayName = \\"SimpleComponent\\";
    // @ts-ignore
    SimpleComponent.__docgenInfo = { \\"description\\": \\"A simple component.\\", \\"filePath\\": \\"Simple.tsx\\", \\"displayName\\": \\"SimpleComponent\\", \\"mtime\\": 1586253821000, \\"props\\": { \\"color\\": { \\"defaultValue\\": null, \\"description\\": \\"Button color.\\", \\"name\\": \\"color\\", \\"required\\": true, \\"type\\": { \\"name\\": \\"\\\\\\"blue\\\\\\" | \\\\\\"green\\\\\\"\\" }, \\"tags\\": {} } } };
    // @ts-ignore
    if (typeof STORYBOOK_REACT_CLASSES !== \\"undefined\\")
        // @ts-ignore
        STORYBOOK_REACT_CLASSES[\\"Simple.tsx#SimpleComponent\\"] = { docgenInfo: SimpleComponent.__docgenInfo, name: \\"SimpleComponent\\", path: \\"Simple.tsx#SimpleComponent\\" };
}
catch (__react_docgen_typescript_loader_error) { };
"
`;

exports[`component fixture DefaultPropValue.tsx has code block generated 1`] = `
"import * as React from \\"react\\";

interface DefaultPropValueComponentProps {
  /**
   * Button color.
   *
   * @default blue
   **/
  color: \\"blue\\" | \\"green\\";

  /**
   * Button counter.
   */
  counter: number;

  /**
   * Button disabled.
   */
  disabled: boolean;
}

/**
 * Component with a prop with a default value.
 */
export const DefaultPropValueComponent: React.SFC<
  DefaultPropValueComponentProps
> = props => (
  <button disabled={props.disabled} style={{ backgroundColor: props.color }}>
    {props.counter}
    {props.children}
  </button>
)
try {
    // @ts-ignore
    DefaultPropValueComponent.displayName = \\"DefaultPropValueComponent\\";
    // @ts-ignore
    DefaultPropValueComponent.__docgenInfo = { \\"description\\": \\"Component with a prop with a default value.\\", \\"filePath\\": \\"DefaultPropValue.tsx\\", \\"displayName\\": \\"DefaultPropValueComponent\\", \\"mtime\\": 1586253821000, \\"props\\": { \\"color\\": { \\"defaultValue\\": { value: \\"blue\\" }, \\"description\\": \\"Button color.\\", \\"name\\": \\"color\\", \\"required\\": true, \\"type\\": { \\"name\\": \\"\\\\\\"blue\\\\\\" | \\\\\\"green\\\\\\"\\" }, \\"tags\\": {} }, \\"counter\\": { \\"defaultValue\\": { value: 123 }, \\"description\\": \\"Button counter.\\", \\"name\\": \\"counter\\", \\"required\\": false, \\"type\\": { \\"name\\": \\"number\\" }, \\"tags\\": {} }, \\"disabled\\": { \\"defaultValue\\": { value: false }, \\"description\\": \\"Button disabled.\\", \\"name\\": \\"disabled\\", \\"required\\": false, \\"type\\": { \\"name\\": \\"boolean\\" }, \\"tags\\": {} } } };
}
catch (__react_docgen_typescript_loader_error) { };

DefaultPropValueComponent.defaultProps = {
  counter: 123,
  disabled: false,
};
"
`;

exports[`component fixture HyphenatedPropName.tsx has code block generated 1`] = `
"import * as React from \\"react\\";

interface HyphenatedPropNameProps {
  /** Button color. */
  \\"button-color\\": \\"blue\\" | \\"green\\";
}

/**
 * A component with a hyphenated prop name.
 */
export const HyphenatedPropNameComponent: React.SFC<
  HyphenatedPropNameProps
> = props => (
  <button style={{ backgroundColor: props[\\"button-color\\"] }}>
    {props.children}
  </button>
)
try {
    // @ts-ignore
    HyphenatedPropNameComponent.displayName = \\"HyphenatedPropNameComponent\\";
    // @ts-ignore
    HyphenatedPropNameComponent.__docgenInfo = { \\"description\\": \\"A component with a hyphenated prop name.\\", \\"filePath\\": \\"HyphenatedPropName.tsx\\", \\"displayName\\": \\"HyphenatedPropNameComponent\\", \\"mtime\\": 1586253821000, \\"props\\": { \\"button-color\\": { \\"defaultValue\\": null, \\"description\\": \\"Button color.\\", \\"name\\": \\"button-color\\", \\"required\\": true, \\"type\\": { \\"name\\": \\"\\\\\\"blue\\\\\\" | \\\\\\"green\\\\\\"\\" }, \\"tags\\": {} } } };
}
catch (__react_docgen_typescript_loader_error) { };
"
`;

exports[`component fixture MultiProps.tsx has code block generated 1`] = `
"import * as React from \\"react\\";

interface MultiPropsComponentProps {
  /** Button color. */
  color: \\"blue\\" | \\"green\\";

  /** Button size. */
  size: \\"small\\" | \\"large\\";
}

/**
 * This is a component with multiple props.
 */
export const MultiPropsComponent: React.SFC<
  MultiPropsComponentProps
> = props => (
  <button style={{ backgroundColor: props.color }}>{props.children}</button>
)
try {
    // @ts-ignore
    MultiPropsComponent.displayName = \\"MultiPropsComponent\\";
    // @ts-ignore
    MultiPropsComponent.__docgenInfo = { \\"description\\": \\"This is a component with multiple props.\\", \\"filePath\\": \\"MultiProps.tsx\\", \\"displayName\\": \\"MultiPropsComponent\\", \\"mtime\\": 1586253821000, \\"props\\": { \\"color\\": { \\"defaultValue\\": null, \\"description\\": \\"Button color.\\", \\"name\\": \\"color\\", \\"required\\": true, \\"type\\": { \\"name\\": \\"\\\\\\"blue\\\\\\" | \\\\\\"green\\\\\\"\\" }, \\"tags\\": {} }, \\"size\\": { \\"defaultValue\\": null, \\"description\\": \\"Button size.\\", \\"name\\": \\"size\\", \\"required\\": true, \\"type\\": { \\"name\\": \\"\\\\\\"small\\\\\\" | \\\\\\"large\\\\\\"\\" }, \\"tags\\": {} } } };
}
catch (__react_docgen_typescript_loader_error) { };
"
`;

exports[`component fixture MultilineDescription.tsx has code block generated 1`] = `
"import * as React from \\"react\\";

interface MultilineDescriptionProps {
  /** Button color. */
  color: \\"blue\\" | \\"green\\";
}

/**
 * A component with a multiline description.
 *
 * Second line.
 */
export const MultilineDescriptionComponent: React.SFC<
  MultilineDescriptionProps
> = props => (
  <button style={{ backgroundColor: props.color }}>{props.children}</button>
)
try {
    // @ts-ignore
    MultilineDescriptionComponent.displayName = \\"MultilineDescriptionComponent\\";
    // @ts-ignore
    MultilineDescriptionComponent.__docgenInfo = { \\"description\\": \\"A component with a multiline description.\\\\n\\\\nSecond line.\\", \\"filePath\\": \\"MultilineDescription.tsx\\", \\"displayName\\": \\"MultilineDescriptionComponent\\", \\"mtime\\": 1586253821000, \\"props\\": { \\"color\\": { \\"defaultValue\\": null, \\"description\\": \\"Button color.\\", \\"name\\": \\"color\\", \\"required\\": true, \\"type\\": { \\"name\\": \\"\\\\\\"blue\\\\\\" | \\\\\\"green\\\\\\"\\" }, \\"tags\\": {} } } };
}
catch (__react_docgen_typescript_loader_error) { };
"
`;

exports[`component fixture MultilinePropDescription.tsx has code block generated 1`] = `
"import * as React from \\"react\\";

interface MultilinePropDescriptionComponentProps {
  /**
   * This is a multiline prop description.
   *
   * Second line.
   */
  color: \\"blue\\" | \\"green\\";
}

/**
 * A component with multiline prop description.
 */
export const MultilinePropDescriptionComponent: React.SFC<
  MultilinePropDescriptionComponentProps
> = props => (
  <button style={{ backgroundColor: props.color }}>{props.children}</button>
)
try {
    // @ts-ignore
    MultilinePropDescriptionComponent.displayName = \\"MultilinePropDescriptionComponent\\";
    // @ts-ignore
    MultilinePropDescriptionComponent.__docgenInfo = { \\"description\\": \\"A component with multiline prop description.\\", \\"filePath\\": \\"MultilinePropDescription.tsx\\", \\"displayName\\": \\"MultilinePropDescriptionComponent\\", \\"mtime\\": 1586253821000, \\"props\\": { \\"color\\": { \\"defaultValue\\": null, \\"description\\": \\"This is a multiline prop description.\\\\n\\\\nSecond line.\\", \\"name\\": \\"color\\", \\"required\\": true, \\"type\\": { \\"name\\": \\"\\\\\\"blue\\\\\\" | \\\\\\"green\\\\\\"\\" }, \\"tags\\": {} } } };
}
catch (__react_docgen_typescript_loader_error) { };
"
`;

exports[`component fixture Simple.tsx has code block generated 1`] = `
"import * as React from \\"react\\";

interface SimpleComponentProps {
  /** Button color. */
  color: \\"blue\\" | \\"green\\";
}

/**
 * A simple component.
 */
export const SimpleComponent: React.SFC<SimpleComponentProps> = props => (
  <button style={{ backgroundColor: props.color }}>{props.children}</button>
)
try {
    // @ts-ignore
    SimpleComponent.displayName = \\"SimpleComponent\\";
    // @ts-ignore
    SimpleComponent.__docgenInfo = { \\"description\\": \\"A simple component.\\", \\"filePath\\": \\"Simple.tsx\\", \\"displayName\\": \\"SimpleComponent\\", \\"mtime\\": 1586253821000, \\"props\\": { \\"color\\": { \\"defaultValue\\": null, \\"description\\": \\"Button color.\\", \\"name\\": \\"color\\", \\"required\\": true, \\"type\\": { \\"name\\": \\"\\\\\\"blue\\\\\\" | \\\\\\"green\\\\\\"\\" }, \\"tags\\": {} } } };
}
catch (__react_docgen_typescript_loader_error) { };
"
`;

exports[`component fixture TextOnlyComponent.tsx has code block generated 1`] = `
"import * as React from \\"react\\";

/**
 * A component with only text content wrapped in a div.
 *
 * Ref: https://github.com/strothj/react-docgen-typescript-loader/issues/7
 */
export const SimpleComponent: React.SFC<{}> = () => (
  <div>Test only component</div>
)
try {
    // @ts-ignore
    SimpleComponent.displayName = \\"SimpleComponent\\";
    // @ts-ignore
    SimpleComponent.__docgenInfo = { \\"description\\": \\"A component with only text content wrapped in a div.\\\\n\\\\nRef: https://github.com/strothj/react-docgen-typescript-loader/issues/7\\", \\"filePath\\": \\"TextOnlyComponent.tsx\\", \\"displayName\\": \\"SimpleComponent\\", \\"mtime\\": 1586253821000, \\"props\\": {} };
}
catch (__react_docgen_typescript_loader_error) { };
"
`;

exports[`generates value info for enums 1`] = `
"import * as React from \\"react\\";

interface DefaultPropValueComponentProps {
  /**
   * Button color.
   *
   * @default blue
   **/
  color: \\"blue\\" | \\"green\\";

  /**
   * Button counter.
   */
  counter: number;

  /**
   * Button disabled.
   */
  disabled: boolean;
}

/**
 * Component with a prop with a default value.
 */
export const DefaultPropValueComponent: React.SFC<
  DefaultPropValueComponentProps
> = props => (
  <button disabled={props.disabled} style={{ backgroundColor: props.color }}>
    {props.counter}
    {props.children}
  </button>
)
try {
    // @ts-ignore
    DefaultPropValueComponent.displayName = \\"DefaultPropValueComponent\\";
    // @ts-ignore
    DefaultPropValueComponent.__docgenInfo = { \\"description\\": \\"Component with a prop with a default value.\\", \\"filePath\\": \\"DefaultPropValue.tsx\\", \\"displayName\\": \\"DefaultPropValueComponent\\", \\"mtime\\": 1586253821000, \\"props\\": { \\"color\\": { \\"defaultValue\\": { value: \\"blue\\" }, \\"description\\": \\"Button color.\\", \\"name\\": \\"color\\", \\"required\\": true, \\"type\\": { \\"name\\": \\"enum\\", \\"value\\": [{ \\"value\\": \\"\\\\\\"blue\\\\\\"\\" }, { \\"value\\": \\"\\\\\\"green\\\\\\"\\" }] }, \\"tags\\": {} }, \\"counter\\": { \\"defaultValue\\": { value: 123 }, \\"description\\": \\"Button counter.\\", \\"name\\": \\"counter\\", \\"required\\": false, \\"type\\": { \\"name\\": \\"number\\" }, \\"tags\\": {} }, \\"disabled\\": { \\"defaultValue\\": { value: false }, \\"description\\": \\"Button disabled.\\", \\"name\\": \\"disabled\\", \\"required\\": false, \\"type\\": { \\"name\\": \\"boolean\\" }, \\"tags\\": {} } } };
}
catch (__react_docgen_typescript_loader_error) { };

DefaultPropValueComponent.defaultProps = {
  counter: 123,
  disabled: false,
};
"
`;
